get: (10,), {}
10
get: (10, '3854375849'), {}
['3', '8', '5', '4', '3', '7', '5', '8', '4', '9', 10]
__setitem__: ('hi', 10), {}
__getitem__: ('hi',), {}
False
