######################################################
#....................................................#
#....................................................#
#....................................................#
#....................................................#
#....................................................#
#....................................................#
#....................................................#
#....................................................#
#....................................................#
#....................................................#
#....................................................#
#....................................................#
#....................................................#
#....................................................#
#....................................................#
#....................................................#
#....................................................#
#....................................................#
#....................................................#
#....................................................#
#....................................................#
#....................................................#
#....................................................#
#....................................................#
#....................................................#
#....................................................#
#....................................................#
#....................................................#
#....................................................#
#....................................................#
#....................................................#
#....................................................#
#....................................................#
#....................................................#
#....................................................#
#....................................................#
#....................................................#
#....................................................#
#....................................................#
#....................................................#
#....................................................#
#....................................................#
#....................................................#
#....................................................#
#....................................................#
#....................................................#
#....................................................#
#....................................................#
#....................................................#
#....................................................#
#....................................................#
#....................................................#
#....................................................#
#....................................................#
#....................................................#
#....................................................#
#....................................................#
#~~~~~~~~~~~~~~~~~~~~~~~~~~~~~~~~~~~~~~~~~~~~~~~~~~~~#
#~~~~~~~~~~~~~~~~~~~~~~~~~~~~~~~~~~~~~~~~~~~~~~~~~~~~#
#~~~~~~~~~~~~~~~~~~~~~~~~~~~~~~~~~~~~~~~~~~~~~~~~~~~~#
#~~~~~~~~~~~~~~~~~~~~~~~~~~~~~~~~~~~~~~~~~~~~~~~~~~~~#
#~~~~~~~~~~~~~~~~~~~~~~~~~~~~~~~~~~~~~~~~~~~~~~~~~~~~#
#~~~~~~~~~~~~~~~~~~~~~~~~~~~~~~~~~~~~~~~~~~~~~~~~~~~~#
#~~~~~~~~~~~~~~~~~~~~~~~~~~~~~~~~~~~~~~~~~~~~~~~~~~~~#
#~~~~~~~~~~~~~~~~~~~~~~~~~~~~~~~~~~~~~~~~~~~~~~~~~~~~#
######################################################
.................... 2990/3380
~~~                                                                                                                                                                                                                                                                                                                                                                                                                                                                                                                                                                                                                                                                                                                                                                                                                                                                                                                                                                                                                                                                                                                                                                                                                                                                                                                                                                                                                                                                                                                                                                                                                                                                                                                                                                                                                                                                                                                                                                                                                                                                                                                                                                                                                                                                                                                                                                                                                                                                                                                                                                                                                                                                                                                                                                                                                                                                                                                                                                                                                                                                                                             2990/3380
