[1, 8, 15, 24, 31, 36, 39, 40, 55, 60, 64, 65, 74, 78, 90, 95]
