[7, 21, 21, 42, 63, 70, 70, 77, 91, 98, 98, 112, 182, 196, 203, 217, 238, 245, 259, 259, 259, 266, 294, 322, 322, 329, 343, 392, 392, 399, 406, 441, 448, 448, 462, 476, 504, 504, 511, 518, 560, 567, 567, 574, 595, 595, 679, 693, 700, 707, 728, 728, 742, 763, 777, 777, 805, 819, 875, 882, 931, 952, 959, 966, 973]
