[28, 42, 42, 49, 49, 49, 98, 98, 126, 133, 161, 168, 189, 196, 224, 252, 259, 280, 301, 315, 315, 357, 364, 364, 371, 378, 385, 399, 413, 434, 462, 476, 483, 490, 518, 553, 567, 574, 588, 588, 595, 602, 616, 623, 630, 637, 637, 672, 686, 700, 700, 714, 714, 721, 812, 854, 868, 910, 910, 924, 952, 959, 987]
